   Γû▓ Next.js 15.5.6

   Creating an optimized production build ...
 Γ£ô Compiled successfully in 9.9s
   Linting and checking validity of types ...
node.exe : 
At line:1 char:1
+ & "C:\Program 
Files\nodejs/node.exe" 
"C:\Program 
Files\nodejs/node_mo 
...
+ ~~~~~~~~~~~~~~~~~~~~~
~~~~~~~~~~~~~~~~~~~~~~~
~~~~~~~~~~~~~~~~~~~~~~~
~~
    + CategoryInfo     
         : NotSpecifi  
  ed: (:String) [],    
 RemoteException
    + FullyQualifiedEr 
   rorId : NativeComm  
  andError
 
Failed to compile.

./src/app/agents/[id]/p
age.tsx
80:17  Warning: Using 
`<img>` could result 
in slower LCP and 
higher bandwidth. 
Consider using `<Image 
/>` from `next/image` 
or a custom image 
loader to 
automatically optimize 
images. This may incur 
additional usage or 
cost from your 
provider. See: https://
nextjs.org/docs/message
s/no-img-element  @next
/next/no-img-element
88:21  Warning: Using 
`<img>` could result 
in slower LCP and 
higher bandwidth. 
Consider using `<Image 
/>` from `next/image` 
or a custom image 
loader to 
automatically optimize 
images. This may incur 
additional usage or 
cost from your 
provider. See: https://
nextjs.org/docs/message
s/no-img-element  @next
/next/no-img-element
89:21  Warning: Using 
`<img>` could result 
in slower LCP and 
higher bandwidth. 
Consider using `<Image 
/>` from `next/image` 
or a custom image 
loader to 
automatically optimize 
images. This may incur 
additional usage or 
cost from your 
provider. See: https://
nextjs.org/docs/message
s/no-img-element  @next
/next/no-img-element
90:21  Warning: Using 
`<img>` could result 
in slower LCP and 
higher bandwidth. 
Consider using `<Image 
/>` from `next/image` 
or a custom image 
loader to 
automatically optimize 
images. This may incur 
additional usage or 
cost from your 
provider. See: https://
nextjs.org/docs/message
s/no-img-element  @next
/next/no-img-element
105:23  Warning: Using 
`<img>` could result 
in slower LCP and 
higher bandwidth. 
Consider using `<Image 
/>` from `next/image` 
or a custom image 
loader to 
automatically optimize 
images. This may incur 
additional usage or 
cost from your 
provider. See: https://
nextjs.org/docs/message
s/no-img-element  @next
/next/no-img-element
112:25  Warning: Using 
`<img>` could result 
in slower LCP and 
higher bandwidth. 
Consider using `<Image 
/>` from `next/image` 
or a custom image 
loader to 
automatically optimize 
images. This may incur 
additional usage or 
cost from your 
provider. See: https://
nextjs.org/docs/message
s/no-img-element  @next
/next/no-img-element

./src/app/listings/Clie
ntListingsContent.tsx
3:8  Warning: 'Navbar' 
is defined but never 
used.  @typescript-esli
nt/no-unused-vars
7:8  Warning: 'Link' 
is defined but never 
used.  @typescript-esli
nt/no-unused-vars
8:8  Warning: 'Footer' 
is defined but never 
used.  @typescript-esli
nt/no-unused-vars
68:10  Warning: 
'activePropertyId' is 
assigned a value but 
never used.  @typescrip
t-eslint/no-unused-vars
73:25  Error: 
Unexpected any. 
Specify a different 
type.  @typescript-esli
nt/no-explicit-any
74:27  Error: 
Unexpected any. 
Specify a different 
type.  @typescript-esli
nt/no-explicit-any
442:15  Warning: Using 
`<img>` could result 
in slower LCP and 
higher bandwidth. 
Consider using `<Image 
/>` from `next/image` 
or a custom image 
loader to 
automatically optimize 
images. This may incur 
additional usage or 
cost from your 
provider. See: https://
nextjs.org/docs/message
s/no-img-element  @next
/next/no-img-element
478:21  Warning: Using 
`<img>` could result 
in slower LCP and 
higher bandwidth. 
Consider using `<Image 
/>` from `next/image` 
or a custom image 
loader to 
automatically optimize 
images. This may incur 
additional usage or 
cost from your 
provider. See: https://
nextjs.org/docs/message
s/no-img-element  @next
/next/no-img-element
486:21  Warning: Using 
`<img>` could result 
in slower LCP and 
higher bandwidth. 
Consider using `<Image 
/>` from `next/image` 
or a custom image 
loader to 
automatically optimize 
images. This may incur 
additional usage or 
cost from your 
provider. See: https://
nextjs.org/docs/message
s/no-img-element  @next
/next/no-img-element
497:19  Warning: Using 
`<img>` could result 
in slower LCP and 
higher bandwidth. 
Consider using `<Image 
/>` from `next/image` 
or a custom image 
loader to 
automatically optimize 
images. This may incur 
additional usage or 
cost from your 
provider. See: https://
nextjs.org/docs/message
s/no-img-element  @next
/next/no-img-element

./src/app/listings/deve
lopers/ClientListingsCo
ntent.tsx
3:8  Warning: 'Navbar' 
is defined but never 
used.  @typescript-esli
nt/no-unused-vars
8:8  Warning: 'Footer' 
is defined but never 
used.  @typescript-esli
nt/no-unused-vars
331:15  Warning: Using 
`<img>` could result 
in slower LCP and 
higher bandwidth. 
Consider using `<Image 
/>` from `next/image` 
or a custom image 
loader to 
automatically optimize 
images. This may incur 
additional usage or 
cost from your 
provider. See: https://
nextjs.org/docs/message
s/no-img-element  @next
/next/no-img-element
367:21  Warning: Using 
`<img>` could result 
in slower LCP and 
higher bandwidth. 
Consider using `<Image 
/>` from `next/image` 
or a custom image 
loader to 
automatically optimize 
images. This may incur 
additional usage or 
cost from your 
provider. See: https://
nextjs.org/docs/message
s/no-img-element  @next
/next/no-img-element
375:21  Warning: Using 
`<img>` could result 
in slower LCP and 
higher bandwidth. 
Consider using `<Image 
/>` from `next/image` 
or a custom image 
loader to 
automatically optimize 
images. This may incur 
additional usage or 
cost from your 
provider. See: https://
nextjs.org/docs/message
s/no-img-element  @next
/next/no-img-element
386:19  Warning: Using 
`<img>` could result 
in slower LCP and 
higher bandwidth. 
Consider using `<Image 
/>` from `next/image` 
or a custom image 
loader to 
automatically optimize 
images. This may incur 
additional usage or 
cost from your 
provider. See: https://
nextjs.org/docs/message
s/no-img-element  @next
/next/no-img-element
453:25  Warning: Using 
`<img>` could result 
in slower LCP and 
higher bandwidth. 
Consider using `<Image 
/>` from `next/image` 
or a custom image 
loader to 
automatically optimize 
images. This may incur 
additional usage or 
cost from your 
provider. See: https://
nextjs.org/docs/message
s/no-img-element  @next
/next/no-img-element
460:27  Warning: Using 
`<img>` could result 
in slower LCP and 
higher bandwidth. 
Consider using `<Image 
/>` from `next/image` 
or a custom image 
loader to 
automatically optimize 
images. This may incur 
additional usage or 
cost from your 
provider. See: https://
nextjs.org/docs/message
s/no-img-element  @next
/next/no-img-element
469:27  Warning: Using 
`<img>` could result 
in slower LCP and 
higher bandwidth. 
Consider using `<Image 
/>` from `next/image` 
or a custom image 
loader to 
automatically optimize 
images. This may incur 
additional usage or 
cost from your 
provider. See: https://
nextjs.org/docs/message
s/no-img-element  @next
/next/no-img-element
472:29  Warning: Using 
`<img>` could result 
in slower LCP and 
higher bandwidth. 
Consider using `<Image 
/>` from `next/image` 
or a custom image 
loader to 
automatically optimize 
images. This may incur 
additional usage or 
cost from your 
provider. See: https://
nextjs.org/docs/message
s/no-img-element  @next
/next/no-img-element

./src/app/listings/deve
lopers/[id]/page.tsx
180:19  Warning: Using 
`<img>` could result 
in slower LCP and 
higher bandwidth. 
Consider using `<Image 
/>` from `next/image` 
or a custom image 
loader to 
automatically optimize 
images. This may incur 
additional usage or 
cost from your 
provider. See: https://
nextjs.org/docs/message
s/no-img-element  @next
/next/no-img-element
182:281  Warning: 
Using `<img>` could 
result in slower LCP 
and higher bandwidth. 
Consider using `<Image 
/>` from `next/image` 
or a custom image 
loader to 
automatically optimize 
images. This may incur 
additional usage or 
cost from your 
provider. See: https://
nextjs.org/docs/message
s/no-img-element  @next
/next/no-img-element
183:173  Warning: 
Using `<img>` could 
result in slower LCP 
and higher bandwidth. 
Consider using `<Image 
/>` from `next/image` 
or a custom image 
loader to 
automatically optimize 
images. This may incur 
additional usage or 
cost from your 
provider. See: https://
nextjs.org/docs/message
s/no-img-element  @next
/next/no-img-element
195:19  Warning: Using 
`<img>` could result 
in slower LCP and 
higher bandwidth. 
Consider using `<Image 
/>` from `next/image` 
or a custom image 
loader to 
automatically optimize 
images. This may incur 
additional usage or 
cost from your 
provider. See: https://
nextjs.org/docs/message
s/no-img-element  @next
/next/no-img-element
198:19  Warning: Using 
`<img>` could result 
in slower LCP and 
higher bandwidth. 
Consider using `<Image 
/>` from `next/image` 
or a custom image 
loader to 
automatically optimize 
images. This may incur 
additional usage or 
cost from your 
provider. See: https://
nextjs.org/docs/message
s/no-img-element  @next
/next/no-img-element

./src/app/listings/deve
lopers/[id]/profile/pag
e.tsx
55:11  Warning: 'i' is 
assigned a value but 
never used.  @typescrip
t-eslint/no-unused-vars
89:17  Warning: Using 
`<img>` could result 
in slower LCP and 
higher bandwidth. 
Consider using `<Image 
/>` from `next/image` 
or a custom image 
loader to 
automatically optimize 
images. This may incur 
additional usage or 
cost from your 
provider. See: https://
nextjs.org/docs/message
s/no-img-element  @next
/next/no-img-element
100:21  Warning: Using 
`<img>` could result 
in slower LCP and 
higher bandwidth. 
Consider using `<Image 
/>` from `next/image` 
or a custom image 
loader to 
automatically optimize 
images. This may incur 
additional usage or 
cost from your 
provider. See: https://
nextjs.org/docs/message
s/no-img-element  @next
/next/no-img-element
105:21  Warning: Using 
`<img>` could result 
in slower LCP and 
higher bandwidth. 
Consider using `<Image 
/>` from `next/image` 
or a custom image 
loader to 
automatically optimize 
images. This may incur 
additional usage or 
cost from your 
provider. See: https://
nextjs.org/docs/message
s/no-img-element  @next
/next/no-img-element
110:21  Warning: Using 
`<img>` could result 
in slower LCP and 
higher bandwidth. 
Consider using `<Image 
/>` from `next/image` 
or a custom image 
loader to 
automatically optimize 
images. This may incur 
additional usage or 
cost from your 
provider. See: https://
nextjs.org/docs/message
s/no-img-element  @next
/next/no-img-element
116:21  Warning: Using 
`<img>` could result 
in slower LCP and 
higher bandwidth. 
Consider using `<Image 
/>` from `next/image` 
or a custom image 
loader to 
automatically optimize 
images. This may incur 
additional usage or 
cost from your 
provider. See: https://
nextjs.org/docs/message
s/no-img-element  @next
/next/no-img-element
121:21  Warning: Using 
`<img>` could result 
in slower LCP and 
higher bandwidth. 
Consider using `<Image 
/>` from `next/image` 
or a custom image 
loader to 
automatically optimize 
images. This may incur 
additional usage or 
cost from your 
provider. See: https://
nextjs.org/docs/message
s/no-img-element  @next
/next/no-img-element
122:21  Warning: Using 
`<img>` could result 
in slower LCP and 
higher bandwidth. 
Consider using `<Image 
/>` from `next/image` 
or a custom image 
loader to 
automatically optimize 
images. This may incur 
additional usage or 
cost from your 
provider. See: https://
nextjs.org/docs/message
s/no-img-element  @next
/next/no-img-element
123:21  Warning: Using 
`<img>` could result 
in slower LCP and 
higher bandwidth. 
Consider using `<Image 
/>` from `next/image` 
or a custom image 
loader to 
automatically optimize 
images. This may incur 
additional usage or 
cost from your 
provider. See: https://
nextjs.org/docs/message
s/no-img-element  @next
/next/no-img-element
124:21  Warning: Using 
`<img>` could result 
in slower LCP and 
higher bandwidth. 
Consider using `<Image 
/>` from `next/image` 
or a custom image 
loader to 
automatically optimize 
images. This may incur 
additional usage or 
cost from your 
provider. See: https://
nextjs.org/docs/message
s/no-img-element  @next
/next/no-img-element
158:21  Warning: Using 
`<img>` could result 
in slower LCP and 
higher bandwidth. 
Consider using `<Image 
/>` from `next/image` 
or a custom image 
loader to 
automatically optimize 
images. This may incur 
additional usage or 
cost from your 
provider. See: https://
nextjs.org/docs/message
s/no-img-element  @next
/next/no-img-element

./src/app/listings/deve
lopers/[id]/virtual-tou
r/page.tsx
11:9  Warning: 
'params' is assigned a 
value but never used.  
@typescript-eslint/no-u
nused-vars
22:10  Warning: 'anim' 
is assigned a value 
but never used.  @types
cript-eslint/no-unused-
vars
90:99  Warning: Using 
`<img>` could result 
in slower LCP and 
higher bandwidth. 
Consider using `<Image 
/>` from `next/image` 
or a custom image 
loader to 
automatically optimize 
images. This may incur 
additional usage or 
cost from your 
provider. See: https://
nextjs.org/docs/message
s/no-img-element  @next
/next/no-img-element
91:119  Warning: Using 
`<img>` could result 
in slower LCP and 
higher bandwidth. 
Consider using `<Image 
/>` from `next/image` 
or a custom image 
loader to 
automatically optimize 
images. This may incur 
additional usage or 
cost from your 
provider. See: https://
nextjs.org/docs/message
s/no-img-element  @next
/next/no-img-element
105:13  Warning: Using 
`<img>` could result 
in slower LCP and 
higher bandwidth. 
Consider using `<Image 
/>` from `next/image` 
or a custom image 
loader to 
automatically optimize 
images. This may incur 
additional usage or 
cost from your 
provider. See: https://
nextjs.org/docs/message
s/no-img-element  @next
/next/no-img-element
115:149  Warning: 
Using `<img>` could 
result in slower LCP 
and higher bandwidth. 
Consider using `<Image 
/>` from `next/image` 
or a custom image 
loader to 
automatically optimize 
images. This may incur 
additional usage or 
cost from your 
provider. See: https://
nextjs.org/docs/message
s/no-img-element  @next
/next/no-img-element
138:21  Warning: Using 
`<img>` could result 
in slower LCP and 
higher bandwidth. 
Consider using `<Image 
/>` from `next/image` 
or a custom image 
loader to 
automatically optimize 
images. This may incur 
additional usage or 
cost from your 
provider. See: https://
nextjs.org/docs/message
s/no-img-element  @next
/next/no-img-element
153:145  Warning: 
Using `<img>` could 
result in slower LCP 
and higher bandwidth. 
Consider using `<Image 
/>` from `next/image` 
or a custom image 
loader to 
automatically optimize 
images. This may incur 
additional usage or 
cost from your 
provider. See: https://
nextjs.org/docs/message
s/no-img-element  @next
/next/no-img-element

./src/app/listings/[id]
/page.tsx
18:15  Warning: 
'Property' is defined 
but never used.  @types
cript-eslint/no-unused-
vars
139:19  Warning: Using 
`<img>` could result 
in slower LCP and 
higher bandwidth. 
Consider using `<Image 
/>` from `next/image` 
or a custom image 
loader to 
automatically optimize 
images. This may incur 
additional usage or 
cost from your 
provider. See: https://
nextjs.org/docs/message
s/no-img-element  @next
/next/no-img-element
146:17  Warning: Using 
`<img>` could result 
in slower LCP and 
higher bandwidth. 
Consider using `<Image 
/>` from `next/image` 
or a custom image 
loader to 
automatically optimize 
images. This may incur 
additional usage or 
cost from your 
provider. See: https://
nextjs.org/docs/message
s/no-img-element  @next
/next/no-img-element
156:19  Warning: Using 
`<img>` could result 
in slower LCP and 
higher bandwidth. 
Consider using `<Image 
/>` from `next/image` 
or a custom image 
loader to 
automatically optimize 
images. This may incur 
additional usage or 
cost from your 
provider. See: https://
nextjs.org/docs/message
s/no-img-element  @next
/next/no-img-element
158:270  Warning: 
Using `<img>` could 
result in slower LCP 
and higher bandwidth. 
Consider using `<Image 
/>` from `next/image` 
or a custom image 
loader to 
automatically optimize 
images. This may incur 
additional usage or 
cost from your 
provider. See: https://
nextjs.org/docs/message
s/no-img-element  @next
/next/no-img-element
159:162  Warning: 
Using `<img>` could 
result in slower LCP 
and higher bandwidth. 
Consider using `<Image 
/>` from `next/image` 
or a custom image 
loader to 
automatically optimize 
images. This may incur 
additional usage or 
cost from your 
provider. See: https://
nextjs.org/docs/message
s/no-img-element  @next
/next/no-img-element
171:19  Warning: Using 
`<img>` could result 
in slower LCP and 
higher bandwidth. 
Consider using `<Image 
/>` from `next/image` 
or a custom image 
loader to 
automatically optimize 
images. This may incur 
additional usage or 
cost from your 
provider. See: https://
nextjs.org/docs/message
s/no-img-element  @next
/next/no-img-element
174:19  Warning: Using 
`<img>` could result 
in slower LCP and 
higher bandwidth. 
Consider using `<Image 
/>` from `next/image` 
or a custom image 
loader to 
automatically optimize 
images. This may incur 
additional usage or 
cost from your 
provider. See: https://
nextjs.org/docs/message
s/no-img-element  @next
/next/no-img-element
183:87  Warning: Using 
`<img>` could result 
in slower LCP and 
higher bandwidth. 
Consider using `<Image 
/>` from `next/image` 
or a custom image 
loader to 
automatically optimize 
images. This may incur 
additional usage or 
cost from your 
provider. See: https://
nextjs.org/docs/message
s/no-img-element  @next
/next/no-img-element
183:87  Warning: img 
elements must have an 
alt prop, either with 
meaningful text, or an 
empty string for 
decorative images.  
jsx-a11y/alt-text
346:29  Warning: Using 
`<img>` could result 
in slower LCP and 
higher bandwidth. 
Consider using `<Image 
/>` from `next/image` 
or a custom image 
loader to 
automatically optimize 
images. This may incur 
additional usage or 
cost from your 
provider. See: https://
nextjs.org/docs/message
s/no-img-element  @next
/next/no-img-element
377:31  Warning: Using 
`<img>` could result 
in slower LCP and 
higher bandwidth. 
Consider using `<Image 
/>` from `next/image` 
or a custom image 
loader to 
automatically optimize 
images. This may incur 
additional usage or 
cost from your 
provider. See: https://
nextjs.org/docs/message
s/no-img-element  @next
/next/no-img-element
418:31  Warning: Using 
`<img>` could result 
in slower LCP and 
higher bandwidth. 
Consider using `<Image 
/>` from `next/image` 
or a custom image 
loader to 
automatically optimize 
images. This may incur 
additional usage or 
cost from your 
provider. See: https://
nextjs.org/docs/message
s/no-img-element  @next
/next/no-img-element
449:21  Warning: Using 
`<img>` could result 
in slower LCP and 
higher bandwidth. 
Consider using `<Image 
/>` from `next/image` 
or a custom image 
loader to 
automatically optimize 
images. This may incur 
additional usage or 
cost from your 
provider. See: https://
nextjs.org/docs/message
s/no-img-element  @next
/next/no-img-element
452:23  Warning: Using 
`<img>` could result 
in slower LCP and 
higher bandwidth. 
Consider using `<Image 
/>` from `next/image` 
or a custom image 
loader to 
automatically optimize 
images. This may incur 
additional usage or 
cost from your 
provider. See: https://
nextjs.org/docs/message
s/no-img-element  @next
/next/no-img-element
454:69  Warning: Using 
`<img>` could result 
in slower LCP and 
higher bandwidth. 
Consider using `<Image 
/>` from `next/image` 
or a custom image 
loader to 
automatically optimize 
images. This may incur 
additional usage or 
cost from your 
provider. See: https://
nextjs.org/docs/message
s/no-img-element  @next
/next/no-img-element
459:161  Warning: 
Using `<img>` could 
result in slower LCP 
and higher bandwidth. 
Consider using `<Image 
/>` from `next/image` 
or a custom image 
loader to 
automatically optimize 
images. This may incur 
additional usage or 
cost from your 
provider. See: https://
nextjs.org/docs/message
s/no-img-element  @next
/next/no-img-element
460:219  Warning: 
Using `<img>` could 
result in slower LCP 
and higher bandwidth. 
Consider using `<Image 
/>` from `next/image` 
or a custom image 
loader to 
automatically optimize 
images. This may incur 
additional usage or 
cost from your 
provider. See: https://
nextjs.org/docs/message
s/no-img-element  @next
/next/no-img-element
461:214  Warning: 
Using `<img>` could 
result in slower LCP 
and higher bandwidth. 
Consider using `<Image 
/>` from `next/image` 
or a custom image 
loader to 
automatically optimize 
images. This may incur 
additional usage or 
cost from your 
provider. See: https://
nextjs.org/docs/message
s/no-img-element  @next
/next/no-img-element
467:21  Warning: Using 
`<img>` could result 
in slower LCP and 
higher bandwidth. 
Consider using `<Image 
/>` from `next/image` 
or a custom image 
loader to 
automatically optimize 
images. This may incur 
additional usage or 
cost from your 
provider. See: https://
nextjs.org/docs/message
s/no-img-element  @next
/next/no-img-element
470:19  Warning: Using 
`<img>` could result 
in slower LCP and 
higher bandwidth. 
Consider using `<Image 
/>` from `next/image` 
or a custom image 
loader to 
automatically optimize 
images. This may incur 
additional usage or 
cost from your 
provider. See: https://
nextjs.org/docs/message
s/no-img-element  @next
/next/no-img-element

./src/app/listings/[id]
/profile/page.tsx
55:11  Warning: 'i' is 
assigned a value but 
never used.  @typescrip
t-eslint/no-unused-vars
89:17  Warning: Using 
`<img>` could result 
in slower LCP and 
higher bandwidth. 
Consider using `<Image 
/>` from `next/image` 
or a custom image 
loader to 
automatically optimize 
images. This may incur 
additional usage or 
cost from your 
provider. See: https://
nextjs.org/docs/message
s/no-img-element  @next
/next/no-img-element
100:21  Warning: Using 
`<img>` could result 
in slower LCP and 
higher bandwidth. 
Consider using `<Image 
/>` from `next/image` 
or a custom image 
loader to 
automatically optimize 
images. This may incur 
additional usage or 
cost from your 
provider. See: https://
nextjs.org/docs/message
s/no-img-element  @next
/next/no-img-element
105:21  Warning: Using 
`<img>` could result 
in slower LCP and 
higher bandwidth. 
Consider using `<Image 
/>` from `next/image` 
or a custom image 
loader to 
automatically optimize 
images. This may incur 
additional usage or 
cost from your 
provider. See: https://
nextjs.org/docs/message
s/no-img-element  @next
/next/no-img-element
110:21  Warning: Using 
`<img>` could result 
in slower LCP and 
higher bandwidth. 
Consider using `<Image 
/>` from `next/image` 
or a custom image 
loader to 
automatically optimize 
images. This may incur 
additional usage or 
cost from your 
provider. See: https://
nextjs.org/docs/message
s/no-img-element  @next
/next/no-img-element
116:21  Warning: Using 
`<img>` could result 
in slower LCP and 
higher bandwidth. 
Consider using `<Image 
/>` from `next/image` 
or a custom image 
loader to 
automatically optimize 
images. This may incur 
additional usage or 
cost from your 
provider. See: https://
nextjs.org/docs/message
s/no-img-element  @next
/next/no-img-element
121:21  Warning: Using 
`<img>` could result 
in slower LCP and 
higher bandwidth. 
Consider using `<Image 
/>` from `next/image` 
or a custom image 
loader to 
automatically optimize 
images. This may incur 
additional usage or 
cost from your 
provider. See: https://
nextjs.org/docs/message
s/no-img-element  @next
/next/no-img-element
122:21  Warning: Using 
`<img>` could result 
in slower LCP and 
higher bandwidth. 
Consider using `<Image 
/>` from `next/image` 
or a custom image 
loader to 
automatically optimize 
images. This may incur 
additional usage or 
cost from your 
provider. See: https://
nextjs.org/docs/message
s/no-img-element  @next
/next/no-img-element
123:21  Warning: Using 
`<img>` could result 
in slower LCP and 
higher bandwidth. 
Consider using `<Image 
/>` from `next/image` 
or a custom image 
loader to 
automatically optimize 
images. This may incur 
additional usage or 
cost from your 
provider. See: https://
nextjs.org/docs/message
s/no-img-element  @next
/next/no-img-element
124:21  Warning: Using 
`<img>` could result 
in slower LCP and 
higher bandwidth. 
Consider using `<Image 
/>` from `next/image` 
or a custom image 
loader to 
automatically optimize 
images. This may incur 
additional usage or 
cost from your 
provider. See: https://
nextjs.org/docs/message
s/no-img-element  @next
/next/no-img-element
158:21  Warning: Using 
`<img>` could result 
in slower LCP and 
higher bandwidth. 
Consider using `<Image 
/>` from `next/image` 
or a custom image 
loader to 
automatically optimize 
images. This may incur 
additional usage or 
cost from your 
provider. See: https://
nextjs.org/docs/message
s/no-img-element  @next
/next/no-img-element

./src/app/listings/[id]
/virtual-tour/page.tsx
11:9  Warning: 
'params' is assigned a 
value but never used.  
@typescript-eslint/no-u
nused-vars
22:10  Warning: 'anim' 
is assigned a value 
but never used.  @types
cript-eslint/no-unused-
vars
90:99  Warning: Using 
`<img>` could result 
in slower LCP and 
higher bandwidth. 
Consider using `<Image 
/>` from `next/image` 
or a custom image 
loader to 
automatically optimize 
images. This may incur 
additional usage or 
cost from your 
provider. See: https://
nextjs.org/docs/message
s/no-img-element  @next
/next/no-img-element
91:119  Warning: Using 
`<img>` could result 
in slower LCP and 
higher bandwidth. 
Consider using `<Image 
/>` from `next/image` 
or a custom image 
loader to 
automatically optimize 
images. This may incur 
additional usage or 
cost from your 
provider. See: https://
nextjs.org/docs/message
s/no-img-element  @next
/next/no-img-element
105:13  Warning: Using 
`<img>` could result 
in slower LCP and 
higher bandwidth. 
Consider using `<Image 
/>` from `next/image` 
or a custom image 
loader to 
automatically optimize 
images. This may incur 
additional usage or 
cost from your 
provider. See: https://
nextjs.org/docs/message
s/no-img-element  @next
/next/no-img-element
115:149  Warning: 
Using `<img>` could 
result in slower LCP 
and higher bandwidth. 
Consider using `<Image 
/>` from `next/image` 
or a custom image 
loader to 
automatically optimize 
images. This may incur 
additional usage or 
cost from your 
provider. See: https://
nextjs.org/docs/message
s/no-img-element  @next
/next/no-img-element
138:21  Warning: Using 
`<img>` could result 
in slower LCP and 
higher bandwidth. 
Consider using `<Image 
/>` from `next/image` 
or a custom image 
loader to 
automatically optimize 
images. This may incur 
additional usage or 
cost from your 
provider. See: https://
nextjs.org/docs/message
s/no-img-element  @next
/next/no-img-element
153:145  Warning: 
Using `<img>` could 
result in slower LCP 
and higher bandwidth. 
Consider using `<Image 
/>` from `next/image` 
or a custom image 
loader to 
automatically optimize 
images. This may incur 
additional usage or 
cost from your 
provider. See: https://
nextjs.org/docs/message
s/no-img-element  @next
/next/no-img-element

./src/components/Bookin
gConfirmationModal.tsx
30:17  Warning: Using 
`<img>` could result 
in slower LCP and 
higher bandwidth. 
Consider using `<Image 
/>` from `next/image` 
or a custom image 
loader to 
automatically optimize 
images. This may incur 
additional usage or 
cost from your 
provider. See: https://
nextjs.org/docs/message
s/no-img-element  @next
/next/no-img-element
40:17  Warning: Using 
`<img>` could result 
in slower LCP and 
higher bandwidth. 
Consider using `<Image 
/>` from `next/image` 
or a custom image 
loader to 
automatically optimize 
images. This may incur 
additional usage or 
cost from your 
provider. See: https://
nextjs.org/docs/message
s/no-img-element  @next
/next/no-img-element
47:15  Warning: Using 
`<img>` could result 
in slower LCP and 
higher bandwidth. 
Consider using `<Image 
/>` from `next/image` 
or a custom image 
loader to 
automatically optimize 
images. This may incur 
additional usage or 
cost from your 
provider. See: https://
nextjs.org/docs/message
s/no-img-element  @next
/next/no-img-element
51:15  Warning: Using 
`<img>` could result 
in slower LCP and 
higher bandwidth. 
Consider using `<Image 
/>` from `next/image` 
or a custom image 
loader to 
automatically optimize 
images. This may incur 
additional usage or 
cost from your 
provider. See: https://
nextjs.org/docs/message
s/no-img-element  @next
/next/no-img-element

./src/components/BookTo
urModal.tsx
28:9  Warning: 
Expected an assignment 
or function call and 
instead saw an 
expression.  @typescrip
t-eslint/no-unused-expr
essions
103:11  Warning: Using 
`<img>` could result 
in slower LCP and 
higher bandwidth. 
Consider using `<Image 
/>` from `next/image` 
or a custom image 
loader to 
automatically optimize 
images. This may incur 
additional usage or 
cost from your 
provider. See: https://
nextjs.org/docs/message
s/no-img-element  @next
/next/no-img-element

./src/components/ChatMo
dal.tsx
19:15  Warning: Using 
`<img>` could result 
in slower LCP and 
higher bandwidth. 
Consider using `<Image 
/>` from `next/image` 
or a custom image 
loader to 
automatically optimize 
images. This may incur 
additional usage or 
cost from your 
provider. See: https://
nextjs.org/docs/message
s/no-img-element  @next
/next/no-img-element
27:105  Warning: Using 
`<img>` could result 
in slower LCP and 
higher bandwidth. 
Consider using `<Image 
/>` from `next/image` 
or a custom image 
loader to 
automatically optimize 
images. This may incur 
additional usage or 
cost from your 
provider. See: https://
nextjs.org/docs/message
s/no-img-element  @next
/next/no-img-element
28:123  Warning: Using 
`<img>` could result 
in slower LCP and 
higher bandwidth. 
Consider using `<Image 
/>` from `next/image` 
or a custom image 
loader to 
automatically optimize 
images. This may incur 
additional usage or 
cost from your 
provider. See: https://
nextjs.org/docs/message
s/no-img-element  @next
/next/no-img-element
53:103  Warning: Using 
`<img>` could result 
in slower LCP and 
higher bandwidth. 
Consider using `<Image 
/>` from `next/image` 
or a custom image 
loader to 
automatically optimize 
images. This may incur 
additional usage or 
cost from your 
provider. See: https://
nextjs.org/docs/message
s/no-img-element  @next
/next/no-img-element
54:103  Warning: Using 
`<img>` could result 
in slower LCP and 
higher bandwidth. 
Consider using `<Image 
/>` from `next/image` 
or a custom image 
loader to 
automatically optimize 
images. This may incur 
additional usage or 
cost from your 
provider. See: https://
nextjs.org/docs/message
s/no-img-element  @next
/next/no-img-element
64:13  Warning: Using 
`<img>` could result 
in slower LCP and 
higher bandwidth. 
Consider using `<Image 
/>` from `next/image` 
or a custom image 
loader to 
automatically optimize 
images. This may incur 
additional usage or 
cost from your 
provider. See: https://
nextjs.org/docs/message
s/no-img-element  @next
/next/no-img-element

./src/components/MapMod
al.tsx
13:9  Warning: 'id' is 
assigned a value but 
never used.  @typescrip
t-eslint/no-unused-vars
30:13  Warning: Using 
`<img>` could result 
in slower LCP and 
higher bandwidth. 
Consider using `<Image 
/>` from `next/image` 
or a custom image 
loader to 
automatically optimize 
images. This may incur 
additional usage or 
cost from your 
provider. See: https://
nextjs.org/docs/message
s/no-img-element  @next
/next/no-img-element

./src/components/Paymen
tOptionsModal.tsx
44:17  Warning: Using 
`<img>` could result 
in slower LCP and 
higher bandwidth. 
Consider using `<Image 
/>` from `next/image` 
or a custom image 
loader to 
automatically optimize 
images. This may incur 
additional usage or 
cost from your 
provider. See: https://
nextjs.org/docs/message
s/no-img-element  @next
/next/no-img-element
51:13  Warning: Using 
`<img>` could result 
in slower LCP and 
higher bandwidth. 
Consider using `<Image 
/>` from `next/image` 
or a custom image 
loader to 
automatically optimize 
images. This may incur 
additional usage or 
cost from your 
provider. See: https://
nextjs.org/docs/message
s/no-img-element  @next
/next/no-img-element
57:17  Warning: Using 
`<img>` could result 
in slower LCP and 
higher bandwidth. 
Consider using `<Image 
/>` from `next/image` 
or a custom image 
loader to 
automatically optimize 
images. This may incur 
additional usage or 
cost from your 
provider. See: https://
nextjs.org/docs/message
s/no-img-element  @next
/next/no-img-element
63:13  Warning: Using 
`<img>` could result 
in slower LCP and 
higher bandwidth. 
Consider using `<Image 
/>` from `next/image` 
or a custom image 
loader to 
automatically optimize 
images. This may incur 
additional usage or 
cost from your 
provider. See: https://
nextjs.org/docs/message
s/no-img-element  @next
/next/no-img-element

./src/components/Reserv
eConfirmationModal.tsx
26:17  Warning: Using 
`<img>` could result 
in slower LCP and 
higher bandwidth. 
Consider using `<Image 
/>` from `next/image` 
or a custom image 
loader to 
automatically optimize 
images. This may incur 
additional usage or 
cost from your 
provider. See: https://
nextjs.org/docs/message
s/no-img-element  @next
/next/no-img-element
36:15  Warning: Using 
`<img>` could result 
in slower LCP and 
higher bandwidth. 
Consider using `<Image 
/>` from `next/image` 
or a custom image 
loader to 
automatically optimize 
images. This may incur 
additional usage or 
cost from your 
provider. See: https://
nextjs.org/docs/message
s/no-img-element  @next
/next/no-img-element
43:15  Warning: Using 
`<img>` could result 
in slower LCP and 
higher bandwidth. 
Consider using `<Image 
/>` from `next/image` 
or a custom image 
loader to 
automatically optimize 
images. This may incur 
additional usage or 
cost from your 
provider. See: https://
nextjs.org/docs/message
s/no-img-element  @next
/next/no-img-element
47:15  Warning: Using 
`<img>` could result 
in slower LCP and 
higher bandwidth. 
Consider using `<Image 
/>` from `next/image` 
or a custom image 
loader to 
automatically optimize 
images. This may incur 
additional usage or 
cost from your 
provider. See: https://
nextjs.org/docs/message
s/no-img-element  @next
/next/no-img-element

./src/components/Reserv
eModal.tsx
73:13  Warning: Using 
`<img>` could result 
in slower LCP and 
higher bandwidth. 
Consider using `<Image 
/>` from `next/image` 
or a custom image 
loader to 
automatically optimize 
images. This may incur 
additional usage or 
cost from your 
provider. See: https://
nextjs.org/docs/message
s/no-img-element  @next
/next/no-img-element

./src/components/Reserv
ePaymentModal.tsx
11:19  Warning: 
'option' is defined 
but never used.  @types
cript-eslint/no-unused-
vars
37:17  Warning: Using 
`<img>` could result 
in slower LCP and 
higher bandwidth. 
Consider using `<Image 
/>` from `next/image` 
or a custom image 
loader to 
automatically optimize 
images. This may incur 
additional usage or 
cost from your 
provider. See: https://
nextjs.org/docs/message
s/no-img-element  @next
/next/no-img-element
44:13  Warning: Using 
`<img>` could result 
in slower LCP and 
higher bandwidth. 
Consider using `<Image 
/>` from `next/image` 
or a custom image 
loader to 
automatically optimize 
images. This may incur 
additional usage or 
cost from your 
provider. See: https://
nextjs.org/docs/message
s/no-img-element  @next
/next/no-img-element
50:17  Warning: Using 
`<img>` could result 
in slower LCP and 
higher bandwidth. 
Consider using `<Image 
/>` from `next/image` 
or a custom image 
loader to 
automatically optimize 
images. This may incur 
additional usage or 
cost from your 
provider. See: https://
nextjs.org/docs/message
s/no-img-element  @next
/next/no-img-element
56:13  Warning: Using 
`<img>` could result 
in slower LCP and 
higher bandwidth. 
Consider using `<Image 
/>` from `next/image` 
or a custom image 
loader to 
automatically optimize 
images. This may incur 
additional usage or 
cost from your 
provider. See: https://
nextjs.org/docs/message
s/no-img-element  @next
/next/no-img-element

./src/components/shared
/PropertyCard.tsx
5:8  Warning: 'Image' 
is defined but never 
used.  @typescript-esli
nt/no-unused-vars
30:9  Warning: Using 
`<img>` could result 
in slower LCP and 
higher bandwidth. 
Consider using `<Image 
/>` from `next/image` 
or a custom image 
loader to 
automatically optimize 
images. This may incur 
additional usage or 
cost from your 
provider. See: https://
nextjs.org/docs/message
s/no-img-element  @next
/next/no-img-element
50:11  Warning: Using 
`<img>` could result 
in slower LCP and 
higher bandwidth. 
Consider using `<Image 
/>` from `next/image` 
or a custom image 
loader to 
automatically optimize 
images. This may incur 
additional usage or 
cost from your 
provider. See: https://
nextjs.org/docs/message
s/no-img-element  @next
/next/no-img-element
67:13  Warning: Using 
`<img>` could result 
in slower LCP and 
higher bandwidth. 
Consider using `<Image 
/>` from `next/image` 
or a custom image 
loader to 
automatically optimize 
images. This may incur 
additional usage or 
cost from your 
provider. See: https://
nextjs.org/docs/message
s/no-img-element  @next
/next/no-img-element
74:15  Warning: Using 
`<img>` could result 
in slower LCP and 
higher bandwidth. 
Consider using `<Image 
/>` from `next/image` 
or a custom image 
loader to 
automatically optimize 
images. This may incur 
additional usage or 
cost from your 
provider. See: https://
nextjs.org/docs/message
s/no-img-element  @next
/next/no-img-element

./src/components/Testim
onialSection.tsx
93:6  Warning: React 
Hook React.useEffect 
has a missing 
dependency: 
'totalCards'. Either 
include it or remove 
the dependency array.  
react-hooks/exhaustive-
deps

./src/components/Verifi
edFeatures.tsx
43:17  Warning: Using 
`<img>` could result 
in slower LCP and 
higher bandwidth. 
Consider using `<Image 
/>` from `next/image` 
or a custom image 
loader to 
automatically optimize 
images. This may incur 
additional usage or 
cost from your 
provider. See: https://
nextjs.org/docs/message
s/no-img-element  @next
/next/no-img-element

./src/lib/favorites.ts
7:12  Warning: 'e' is 
defined but never 
used.  @typescript-esli
nt/no-unused-vars
21:75  Warning: 'e' is 
defined but never 
used.  @typescript-esli
nt/no-unused-vars

info  - Need to 
disable some ESLint 
rules? Learn more 
here: https://nextjs.or
g/docs/app/api-referenc
e/config/eslint#disabli
ng-rules
